AR sticky behavioral D:/Users/aldemaro/Documents/proyecto_tesis/neuronas_2col/sticky.vhd sub00/vhpl09 1537798990
AR bloque1 structural D:/Users/aldemaro/Documents/proyecto_tesis/neuronas_2col/bloque1.vhd sub00/vhpl05 1537798986
EN flipflopd NULL D:/Users/aldemaro/Documents/proyecto_tesis/neuronas_2col/flipflopD.vhd sub00/vhpl02 1537798983
AR mux2_2bits behavioral D:/Users/aldemaro/Documents/proyecto_tesis/neuronas_2col/mux2_2bits.vhd sub00/vhpl11 1537798992
EN neurona NULL D:/Users/aldemaro/Documents/proyecto_tesis/neuronas_2col/neurona.vhd sub00/vhpl16 1537798997
EN bloque1 NULL D:/Users/aldemaro/Documents/proyecto_tesis/neuronas_2col/bloque1.vhd sub00/vhpl04 1537798985
AR bloque2_2 dataflow D:/Users/aldemaro/Documents/proyecto_tesis/neuronas_2col/bloque2_2.vhd sub00/vhpl07 1537798988
EN neuronas_2col NULL D:/Users/aldemaro/Documents/proyecto_tesis/neuronas_2col/neuronas_2col.vhd sub00/vhpl18 1537798999
EN registro_16bits NULL D:/Users/aldemaro/Documents/proyecto_tesis/neuronas_2col/registro_16bits.vhd sub00/vhpl14 1537798995
AR flipflopd_ce behavioral D:/Users/aldemaro/Documents/proyecto_tesis/neuronas_2col/flipflopD_CE.vhd sub00/vhpl01 1537798982
EN flipflopd_ce NULL D:/Users/aldemaro/Documents/proyecto_tesis/neuronas_2col/flipflopD_CE.vhd sub00/vhpl00 1537798981
AR neuronas_2col behavioral D:/Users/aldemaro/Documents/proyecto_tesis/neuronas_2col/neuronas_2col.vhd sub00/vhpl19 1537799000
EN bloque2_2 NULL D:/Users/aldemaro/Documents/proyecto_tesis/neuronas_2col/bloque2_2.vhd sub00/vhpl06 1537798987
EN half_neuronas2 NULL D:/Users/aldemaro/Documents/proyecto_tesis/neuronas_2col/half_neuronas2.vhd sub00/vhpl12 1537798993
AR flipflopd behavioral D:/Users/aldemaro/Documents/proyecto_tesis/neuronas_2col/flipflopD.vhd sub00/vhpl03 1537798984
AR registro_16bits behavioral D:/Users/aldemaro/Documents/proyecto_tesis/neuronas_2col/registro_16bits.vhd sub00/vhpl15 1537798996
AR neurona behavioral D:/Users/aldemaro/Documents/proyecto_tesis/neuronas_2col/neurona.vhd sub00/vhpl17 1537798998
EN mux2_2bits NULL D:/Users/aldemaro/Documents/proyecto_tesis/neuronas_2col/mux2_2bits.vhd sub00/vhpl10 1537798991
EN sticky NULL D:/Users/aldemaro/Documents/proyecto_tesis/neuronas_2col/sticky.vhd sub00/vhpl08 1537798989
AR half_neuronas2 behavioral D:/Users/aldemaro/Documents/proyecto_tesis/neuronas_2col/half_neuronas2.vhd sub00/vhpl13 1537798994
