V3 3
FL D:/Users/aldemaro/Documents/proyecto_tesis/bloque2/bloque2.vhd 2018/09/22.11:05:45 K.31
EN work/bloque2 1537625149 \
      FL D:/Users/aldemaro/Documents/proyecto_tesis/bloque2/bloque2.vhd \
      PB ieee/std_logic_1164 1200023565 PB ieee/std_logic_arith 1200023566 \
      PB ieee/STD_LOGIC_UNSIGNED 1200023567
AR work/bloque2/Dataflow 1537625150 \
      FL D:/Users/aldemaro/Documents/proyecto_tesis/bloque2/bloque2.vhd \
      EN work/bloque2 1537625149
