EN salida_neurona NULL D:/Users/aldemaro/Documents/proyecto_tesis/neurona1_out/salida_neurona.vhd sub00/vhpl02 1537632760
EN flipflopd NULL D:/Users/aldemaro/Documents/proyecto_tesis/neurona1_out/flipflopD.vhd sub00/vhpl00 1537632758
AR salida_neurona behavioral D:/Users/aldemaro/Documents/proyecto_tesis/neurona1_out/salida_neurona.vhd sub00/vhpl03 1537632761
AR flipflopd behavioral D:/Users/aldemaro/Documents/proyecto_tesis/neurona1_out/flipflopD.vhd sub00/vhpl01 1537632759
