Release 10.1 - xst K.31 (nt)
Copyright (c) 1995-2008 Xilinx, Inc.  All rights reserved.
--> Parameter TMPDIR set to D:/Users/aldemaro/Documents/proyecto_tesis/columna/xst/projnav.tmp


Total REAL time to Xst completion: 0.00 secs
Total CPU time to Xst completion: 0.25 secs
 
--> Parameter xsthdpdir set to D:/Users/aldemaro/Documents/proyecto_tesis/columna/xst


Total REAL time to Xst completion: 0.00 secs
Total CPU time to Xst completion: 0.25 secs
 
--> Reading design: columna_4neuronas.prj

TABLE OF CONTENTS
  1) Synthesis Options Summary
  2) HDL Compilation
  3) Design Hierarchy Analysis
  4) HDL Analysis
  5) HDL Synthesis
     5.1) HDL Synthesis Report
  6) Advanced HDL Synthesis
     6.1) Advanced HDL Synthesis Report
  7) Low Level Synthesis
  8) Partition Report
  9) Final Report
     9.1) Device utilization summary
     9.2) Partition Resource Summary
     9.3) TIMING REPORT


=========================================================================
*                      Synthesis Options Summary                        *
=========================================================================
---- Source Parameters
Input File Name                    : "columna_4neuronas.prj"
Input Format                       : mixed
Ignore Synthesis Constraint File   : NO

---- Target Parameters
Output File Name                   : "columna_4neuronas"
Output Format                      : NGC
Target Device                      : xc3s100e-5-cp132

---- Source Options
Top Module Name                    : columna_4neuronas
Automatic FSM Extraction           : YES
FSM Encoding Algorithm             : Auto
Safe Implementation                : No
FSM Style                          : lut
RAM Extraction                     : Yes
RAM Style                          : Auto
ROM Extraction                     : Yes
Mux Style                          : Auto
Decoder Extraction                 : YES
Priority Encoder Extraction        : YES
Shift Register Extraction          : YES
Logical Shifter Extraction         : YES
XOR Collapsing                     : YES
ROM Style                          : Auto
Mux Extraction                     : YES
Resource Sharing                   : YES
Asynchronous To Synchronous        : NO
Multiplier Style                   : auto
Automatic Register Balancing       : No

---- Target Options
Add IO Buffers                     : YES
Global Maximum Fanout              : 500
Add Generic Clock Buffer(BUFG)     : 24
Register Duplication               : YES
Slice Packing                      : YES
Optimize Instantiated Primitives   : NO
Use Clock Enable                   : Yes
Use Synchronous Set                : Yes
Use Synchronous Reset              : Yes
Pack IO Registers into IOBs        : auto
Equivalent register Removal        : YES

---- General Options
Optimization Goal                  : Speed
Optimization Effort                : 1
Library Search Order               : columna_4neuronas.lso
Keep Hierarchy                     : NO
Netlist Hierarchy                  : as_optimized
RTL Output                         : Yes
Global Optimization                : AllClockNets
Read Cores                         : YES
Write Timing Constraints           : NO
Cross Clock Analysis               : NO
Hierarchy Separator                : /
Bus Delimiter                      : <>
Case Specifier                     : maintain
Slice Utilization Ratio            : 100
BRAM Utilization Ratio             : 100
Verilog 2001                       : YES
Auto BRAM Packing                  : NO
Slice Utilization Ratio Delta      : 5

=========================================================================


=========================================================================
*                          HDL Compilation                              *
=========================================================================
Compiling vhdl file "D:/Users/aldemaro/Documents/proyecto_tesis/columna/flipflopD_CE.vhd" in Library work.
Architecture behavioral of Entity flipflopd_ce is up to date.
Compiling vhdl file "D:/Users/aldemaro/Documents/proyecto_tesis/columna/flipflopD.vhd" in Library work.
Architecture behavioral of Entity flipflopd is up to date.
Compiling vhdl file "D:/Users/aldemaro/Documents/proyecto_tesis/columna/bloque1.vhd" in Library work.
Architecture structural of Entity bloque1 is up to date.
Compiling vhdl file "D:/Users/aldemaro/Documents/proyecto_tesis/columna/bloque2_2.vhd" in Library work.
Architecture dataflow of Entity bloque2_2 is up to date.
Compiling vhdl file "D:/Users/aldemaro/Documents/proyecto_tesis/columna/sticky.vhd" in Library work.
Architecture behavioral of Entity sticky is up to date.
Compiling vhdl file "D:/Users/aldemaro/Documents/proyecto_tesis/columna/mux2_2bits.vhd" in Library work.
Architecture behavioral of Entity mux2_2bits is up to date.
Compiling vhdl file "D:/Users/aldemaro/Documents/proyecto_tesis/columna/half_neuronas2.vhd" in Library work.
Architecture behavioral of Entity half_neuronas2 is up to date.
Compiling vhdl file "D:/Users/aldemaro/Documents/proyecto_tesis/columna/registro_16bits.vhd" in Library work.
Architecture behavioral of Entity registro_16bits is up to date.
Compiling vhdl file "D:/Users/aldemaro/Documents/proyecto_tesis/columna/neurona.vhd" in Library work.
Entity <neurona> compiled.
Entity <neurona> (Architecture <behavioral>) compiled.
Compiling vhdl file "D:/Users/aldemaro/Documents/proyecto_tesis/columna/columna_4neuronas.vhd" in Library work.
Entity <columna_4neuronas> compiled.
Entity <columna_4neuronas> (Architecture <behavioral>) compiled.

=========================================================================
*                     Design Hierarchy Analysis                         *
=========================================================================
Analyzing hierarchy for entity <columna_4neuronas> in library <work> (architecture <behavioral>).

Analyzing hierarchy for entity <neurona> in library <work> (architecture <behavioral>).

Analyzing hierarchy for entity <mux2_2bits> in library <work> (architecture <behavioral>).

Analyzing hierarchy for entity <half_neuronas2> in library <work> (architecture <behavioral>).

Analyzing hierarchy for entity <registro_16bits> in library <work> (architecture <behavioral>).

Analyzing hierarchy for entity <bloque1> in library <work> (architecture <structural>).

Analyzing hierarchy for entity <bloque2_2> in library <work> (architecture <dataflow>).

Analyzing hierarchy for entity <sticky> in library <work> (architecture <behavioral>).

Analyzing hierarchy for entity <flipflopD> in library <work> (architecture <behavioral>).

Analyzing hierarchy for entity <flipflopD_CE> in library <work> (architecture <behavioral>).


=========================================================================
*                            HDL Analysis                               *
=========================================================================
Analyzing Entity <columna_4neuronas> in library <work> (Architecture <behavioral>).
Entity <columna_4neuronas> analyzed. Unit <columna_4neuronas> generated.

Analyzing Entity <neurona> in library <work> (Architecture <behavioral>).
Entity <neurona> analyzed. Unit <neurona> generated.

Analyzing Entity <mux2_2bits> in library <work> (Architecture <behavioral>).
Entity <mux2_2bits> analyzed. Unit <mux2_2bits> generated.

Analyzing Entity <half_neuronas2> in library <work> (Architecture <behavioral>).
Entity <half_neuronas2> analyzed. Unit <half_neuronas2> generated.

Analyzing Entity <bloque1> in library <work> (Architecture <structural>).
Entity <bloque1> analyzed. Unit <bloque1> generated.

Analyzing Entity <flipflopD> in library <work> (Architecture <behavioral>).
Entity <flipflopD> analyzed. Unit <flipflopD> generated.

Analyzing Entity <bloque2_2> in library <work> (Architecture <dataflow>).
Entity <bloque2_2> analyzed. Unit <bloque2_2> generated.

Analyzing Entity <sticky> in library <work> (Architecture <behavioral>).
Entity <sticky> analyzed. Unit <sticky> generated.

Analyzing Entity <flipflopD_CE> in library <work> (Architecture <behavioral>).
Entity <flipflopD_CE> analyzed. Unit <flipflopD_CE> generated.

Analyzing Entity <registro_16bits> in library <work> (Architecture <behavioral>).
Entity <registro_16bits> analyzed. Unit <registro_16bits> generated.


=========================================================================
*                           HDL Synthesis                               *
=========================================================================

Performing bidirectional port resolution...

Synthesizing Unit <mux2_2bits>.
    Related source file is "D:/Users/aldemaro/Documents/proyecto_tesis/columna/mux2_2bits.vhd".
Unit <mux2_2bits> synthesized.


Synthesizing Unit <registro_16bits>.
    Related source file is "D:/Users/aldemaro/Documents/proyecto_tesis/columna/registro_16bits.vhd".
    Found 16-bit register for signal <z_out>.
    Summary:
	inferred  16 D-type flip-flop(s).
Unit <registro_16bits> synthesized.


Synthesizing Unit <bloque2_2>.
    Related source file is "D:/Users/aldemaro/Documents/proyecto_tesis/columna/bloque2_2.vhd".
Unit <bloque2_2> synthesized.


Synthesizing Unit <flipflopD>.
    Related source file is "D:/Users/aldemaro/Documents/proyecto_tesis/columna/flipflopD.vhd".
    Found 1-bit register for signal <temp>.
    Summary:
	inferred   1 D-type flip-flop(s).
Unit <flipflopD> synthesized.


Synthesizing Unit <flipflopD_CE>.
    Related source file is "D:/Users/aldemaro/Documents/proyecto_tesis/columna/flipflopD_CE.vhd".
    Found 1-bit register for signal <temp>.
    Summary:
	inferred   1 D-type flip-flop(s).
Unit <flipflopD_CE> synthesized.


Synthesizing Unit <bloque1>.
    Related source file is "D:/Users/aldemaro/Documents/proyecto_tesis/columna/bloque1.vhd".
Unit <bloque1> synthesized.


Synthesizing Unit <sticky>.
    Related source file is "D:/Users/aldemaro/Documents/proyecto_tesis/columna/sticky.vhd".
Unit <sticky> synthesized.


Synthesizing Unit <half_neuronas2>.
    Related source file is "D:/Users/aldemaro/Documents/proyecto_tesis/columna/half_neuronas2.vhd".
Unit <half_neuronas2> synthesized.


Synthesizing Unit <neurona>.
    Related source file is "D:/Users/aldemaro/Documents/proyecto_tesis/columna/neurona.vhd".
WARNING:Xst:653 - Signal <const_bip> is used but never assigned. This sourceless signal will be automatically connected to value 01.
    Found 16-bit tristate buffer for signal <z_out>.
    Found 16-bit comparator equal for signal <rec_out$cmp_eq0000> created at line 95.
    Found 16-bit tristate buffer for signal <x_sg>.
    Summary:
	inferred   1 Comparator(s).
	inferred  32 Tristate(s).
Unit <neurona> synthesized.


Synthesizing Unit <columna_4neuronas>.
    Related source file is "D:/Users/aldemaro/Documents/proyecto_tesis/columna/columna_4neuronas.vhd".
WARNING:Xst:646 - Signal <rec3_sg> is assigned but never used. This unconnected signal will be trimmed during the optimization process.
WARNING:Xst:646 - Signal <rec2_sg> is assigned but never used. This unconnected signal will be trimmed during the optimization process.
WARNING:Xst:646 - Signal <rec1_sg> is assigned but never used. This unconnected signal will be trimmed during the optimization process.
WARNING:Xst:646 - Signal <rec0_sg> is assigned but never used. This unconnected signal will be trimmed during the optimization process.
Unit <columna_4neuronas> synthesized.


=========================================================================
HDL Synthesis Report

Macro Statistics
# Registers                                            : 12
 1-bit register                                        : 8
 16-bit register                                       : 4
# Comparators                                          : 4
 16-bit comparator equal                               : 4
# Tristates                                            : 8
 16-bit tristate buffer                                : 8

=========================================================================

=========================================================================
*                       Advanced HDL Synthesis                          *
=========================================================================

Loading device for application Rf_Device from file '3s100e.nph' in environment C:\Xilinx\10.1\ISE.

=========================================================================
Advanced HDL Synthesis Report

Macro Statistics
# Registers                                            : 72
 Flip-Flops                                            : 72
# Comparators                                          : 4
 16-bit comparator equal                               : 4

=========================================================================

=========================================================================
*                         Low Level Synthesis                           *
=========================================================================
WARNING:Xst:2677 - Node <n3/latch/z_out_0> of sequential type is unconnected in block <columna_4neuronas>.
WARNING:Xst:2677 - Node <n3/latch/z_out_1> of sequential type is unconnected in block <columna_4neuronas>.
WARNING:Xst:2677 - Node <n3/latch/z_out_2> of sequential type is unconnected in block <columna_4neuronas>.
WARNING:Xst:2677 - Node <n3/latch/z_out_3> of sequential type is unconnected in block <columna_4neuronas>.
WARNING:Xst:2677 - Node <n3/latch/z_out_4> of sequential type is unconnected in block <columna_4neuronas>.
WARNING:Xst:2677 - Node <n3/latch/z_out_5> of sequential type is unconnected in block <columna_4neuronas>.
WARNING:Xst:2677 - Node <n3/latch/z_out_6> of sequential type is unconnected in block <columna_4neuronas>.
WARNING:Xst:2677 - Node <n3/latch/z_out_7> of sequential type is unconnected in block <columna_4neuronas>.
WARNING:Xst:2677 - Node <n3/latch/z_out_8> of sequential type is unconnected in block <columna_4neuronas>.
WARNING:Xst:2677 - Node <n3/latch/z_out_9> of sequential type is unconnected in block <columna_4neuronas>.
WARNING:Xst:2677 - Node <n3/latch/z_out_10> of sequential type is unconnected in block <columna_4neuronas>.
WARNING:Xst:2677 - Node <n3/latch/z_out_11> of sequential type is unconnected in block <columna_4neuronas>.
WARNING:Xst:2677 - Node <n3/latch/z_out_12> of sequential type is unconnected in block <columna_4neuronas>.
WARNING:Xst:2677 - Node <n3/latch/z_out_13> of sequential type is unconnected in block <columna_4neuronas>.
WARNING:Xst:2677 - Node <n3/latch/z_out_14> of sequential type is unconnected in block <columna_4neuronas>.
WARNING:Xst:2677 - Node <n3/latch/z_out_15> of sequential type is unconnected in block <columna_4neuronas>.
WARNING:Xst:2677 - Node <n2/latch/z_out_0> of sequential type is unconnected in block <columna_4neuronas>.
WARNING:Xst:2677 - Node <n2/latch/z_out_1> of sequential type is unconnected in block <columna_4neuronas>.
WARNING:Xst:2677 - Node <n2/latch/z_out_2> of sequential type is unconnected in block <columna_4neuronas>.
WARNING:Xst:2677 - Node <n2/latch/z_out_3> of sequential type is unconnected in block <columna_4neuronas>.
WARNING:Xst:2677 - Node <n2/latch/z_out_4> of sequential type is unconnected in block <columna_4neuronas>.
WARNING:Xst:2677 - Node <n2/latch/z_out_5> of sequential type is unconnected in block <columna_4neuronas>.
WARNING:Xst:2677 - Node <n2/latch/z_out_6> of sequential type is unconnected in block <columna_4neuronas>.
WARNING:Xst:2677 - Node <n2/latch/z_out_7> of sequential type is unconnected in block <columna_4neuronas>.
WARNING:Xst:2677 - Node <n2/latch/z_out_8> of sequential type is unconnected in block <columna_4neuronas>.
WARNING:Xst:2677 - Node <n2/latch/z_out_9> of sequential type is unconnected in block <columna_4neuronas>.
WARNING:Xst:2677 - Node <n2/latch/z_out_10> of sequential type is unconnected in block <columna_4neuronas>.
WARNING:Xst:2677 - Node <n2/latch/z_out_11> of sequential type is unconnected in block <columna_4neuronas>.
WARNING:Xst:2677 - Node <n2/latch/z_out_12> of sequential type is unconnected in block <columna_4neuronas>.
WARNING:Xst:2677 - Node <n2/latch/z_out_13> of sequential type is unconnected in block <columna_4neuronas>.
WARNING:Xst:2677 - Node <n2/latch/z_out_14> of sequential type is unconnected in block <columna_4neuronas>.
WARNING:Xst:2677 - Node <n2/latch/z_out_15> of sequential type is unconnected in block <columna_4neuronas>.
WARNING:Xst:2677 - Node <n1/latch/z_out_0> of sequential type is unconnected in block <columna_4neuronas>.
WARNING:Xst:2677 - Node <n1/latch/z_out_1> of sequential type is unconnected in block <columna_4neuronas>.
WARNING:Xst:2677 - Node <n1/latch/z_out_2> of sequential type is unconnected in block <columna_4neuronas>.
WARNING:Xst:2677 - Node <n1/latch/z_out_3> of sequential type is unconnected in block <columna_4neuronas>.
WARNING:Xst:2677 - Node <n1/latch/z_out_4> of sequential type is unconnected in block <columna_4neuronas>.
WARNING:Xst:2677 - Node <n1/latch/z_out_5> of sequential type is unconnected in block <columna_4neuronas>.
WARNING:Xst:2677 - Node <n1/latch/z_out_6> of sequential type is unconnected in block <columna_4neuronas>.
WARNING:Xst:2677 - Node <n1/latch/z_out_7> of sequential type is unconnected in block <columna_4neuronas>.
WARNING:Xst:2677 - Node <n1/latch/z_out_8> of sequential type is unconnected in block <columna_4neuronas>.
WARNING:Xst:2677 - Node <n1/latch/z_out_9> of sequential type is unconnected in block <columna_4neuronas>.
WARNING:Xst:2677 - Node <n1/latch/z_out_10> of sequential type is unconnected in block <columna_4neuronas>.
WARNING:Xst:2677 - Node <n1/latch/z_out_11> of sequential type is unconnected in block <columna_4neuronas>.
WARNING:Xst:2677 - Node <n1/latch/z_out_12> of sequential type is unconnected in block <columna_4neuronas>.
WARNING:Xst:2677 - Node <n1/latch/z_out_13> of sequential type is unconnected in block <columna_4neuronas>.
WARNING:Xst:2677 - Node <n1/latch/z_out_14> of sequential type is unconnected in block <columna_4neuronas>.
WARNING:Xst:2677 - Node <n1/latch/z_out_15> of sequential type is unconnected in block <columna_4neuronas>.
WARNING:Xst:2677 - Node <n0/latch/z_out_0> of sequential type is unconnected in block <columna_4neuronas>.
WARNING:Xst:2677 - Node <n0/latch/z_out_1> of sequential type is unconnected in block <columna_4neuronas>.
WARNING:Xst:2677 - Node <n0/latch/z_out_2> of sequential type is unconnected in block <columna_4neuronas>.
WARNING:Xst:2677 - Node <n0/latch/z_out_3> of sequential type is unconnected in block <columna_4neuronas>.
WARNING:Xst:2677 - Node <n0/latch/z_out_4> of sequential type is unconnected in block <columna_4neuronas>.
WARNING:Xst:2677 - Node <n0/latch/z_out_5> of sequential type is unconnected in block <columna_4neuronas>.
WARNING:Xst:2677 - Node <n0/latch/z_out_6> of sequential type is unconnected in block <columna_4neuronas>.
WARNING:Xst:2677 - Node <n0/latch/z_out_7> of sequential type is unconnected in block <columna_4neuronas>.
WARNING:Xst:2677 - Node <n0/latch/z_out_8> of sequential type is unconnected in block <columna_4neuronas>.
WARNING:Xst:2677 - Node <n0/latch/z_out_9> of sequential type is unconnected in block <columna_4neuronas>.
WARNING:Xst:2677 - Node <n0/latch/z_out_10> of sequential type is unconnected in block <columna_4neuronas>.
WARNING:Xst:2677 - Node <n0/latch/z_out_11> of sequential type is unconnected in block <columna_4neuronas>.
WARNING:Xst:2677 - Node <n0/latch/z_out_12> of sequential type is unconnected in block <columna_4neuronas>.
WARNING:Xst:2677 - Node <n0/latch/z_out_13> of sequential type is unconnected in block <columna_4neuronas>.
WARNING:Xst:2677 - Node <n0/latch/z_out_14> of sequential type is unconnected in block <columna_4neuronas>.
WARNING:Xst:2677 - Node <n0/latch/z_out_15> of sequential type is unconnected in block <columna_4neuronas>.
WARNING:Xst:2042 - Unit columna_4neuronas: 48 internal tristates are replaced by logic (pull-up yes): z0_sg<0>, z0_sg<10>, z0_sg<11>, z0_sg<12>, z0_sg<13>, z0_sg<14>, z0_sg<15>, z0_sg<1>, z0_sg<2>, z0_sg<3>, z0_sg<4>, z0_sg<5>, z0_sg<6>, z0_sg<7>, z0_sg<8>, z0_sg<9>, z1_sg<0>, z1_sg<10>, z1_sg<11>, z1_sg<12>, z1_sg<13>, z1_sg<14>, z1_sg<15>, z1_sg<1>, z1_sg<2>, z1_sg<3>, z1_sg<4>, z1_sg<5>, z1_sg<6>, z1_sg<7>, z1_sg<8>, z1_sg<9>, z2_sg<0>, z2_sg<10>, z2_sg<11>, z2_sg<12>, z2_sg<13>, z2_sg<14>, z2_sg<15>, z2_sg<1>, z2_sg<2>, z2_sg<3>, z2_sg<4>, z2_sg<5>, z2_sg<6>, z2_sg<7>, z2_sg<8>, z2_sg<9>.

Optimizing unit <columna_4neuronas> ...

Mapping all equations...
Building and optimizing final netlist ...
Found area constraint ratio of 100 (+ 5) on block columna_4neuronas, actual ratio is 2.
FlipFlop n0/hn/b1/ff/temp has been replicated 2 time(s)
FlipFlop n1/hn/b1/ff/temp has been replicated 2 time(s)
FlipFlop n2/hn/b1/ff/temp has been replicated 2 time(s)

Final Macro Processing ...

=========================================================================
Final Register Report

Macro Statistics
# Registers                                            : 14
 Flip-Flops                                            : 14

=========================================================================

=========================================================================
*                           Partition Report                             *
=========================================================================

Partition Implementation Status
-------------------------------

  No Partitions were found in this design.

-------------------------------

=========================================================================
*                            Final Report                               *
=========================================================================
Final Results
RTL Top Level Output File Name     : columna_4neuronas.ngr
Top Level Output File Name         : columna_4neuronas
Output Format                      : NGC
Optimization Goal                  : Speed
Keep Hierarchy                     : NO

Design Statistics
# IOs                              : 48

Cell Usage :
# BELS                             : 42
#      GND                         : 1
#      INV                         : 4
#      LUT2                        : 3
#      LUT2_L                      : 1
#      LUT3                        : 2
#      LUT4                        : 26
#      LUT4_D                      : 1
#      LUT4_L                      : 1
#      MUXF5                       : 3
# FlipFlops/Latches                : 14
#      FDC                         : 10
#      FDCE                        : 4
# Clock Buffers                    : 1
#      BUFGP                       : 1
# IO Buffers                       : 47
#      IBUF                        : 24
#      OBUF                        : 7
#      OBUFT                       : 16
=========================================================================

Device utilization summary:
---------------------------

Selected Device : 3s100ecp132-5 

 Number of Slices:                       20  out of    960     2%  
 Number of Slice Flip Flops:             14  out of   1920     0%  
 Number of 4 input LUTs:                 38  out of   1920     1%  
 Number of IOs:                          48
 Number of bonded IOBs:                  48  out of     83    57%  
 Number of GCLKs:                         1  out of     24     4%  

---------------------------
Partition Resource Summary:
---------------------------

  No Partitions were found in this design.

---------------------------


=========================================================================
TIMING REPORT

NOTE: THESE TIMING NUMBERS ARE ONLY A SYNTHESIS ESTIMATE.
      FOR ACCURATE TIMING INFORMATION PLEASE REFER TO THE TRACE REPORT
      GENERATED AFTER PLACE-and-ROUTE.

Clock Information:
------------------
-----------------------------------+------------------------+-------+
Clock Signal                       | Clock buffer(FF name)  | Load  |
-----------------------------------+------------------------+-------+
clk                                | BUFGP                  | 14    |
-----------------------------------+------------------------+-------+

Asynchronous Control Signals Information:
----------------------------------------
-----------------------------------+------------------------+-------+
Control Signal                     | Buffer(FF name)        | Load  |
-----------------------------------+------------------------+-------+
reset_in                           | IBUF                   | 14    |
-----------------------------------+------------------------+-------+

Timing Summary:
---------------
Speed Grade: -5

   Minimum period: 3.040ns (Maximum Frequency: 328.904MHz)
   Minimum input arrival time before clock: 4.895ns
   Maximum output required time after clock: 7.002ns
   Maximum combinational path delay: 8.458ns

Timing Detail:
--------------
All values displayed in nanoseconds (ns)

=========================================================================
Timing constraint: Default period analysis for Clock 'clk'
  Clock period: 3.040ns (frequency: 328.904MHz)
  Total number of paths / destination ports: 50 / 17
-------------------------------------------------------------------------
Delay:               3.040ns (Levels of Logic = 1)
  Source:            n3/hn/b1/ff/temp (FF)
  Destination:       n3/hn/pegajoso/ffce/temp (FF)
  Source Clock:      clk rising
  Destination Clock: clk rising

  Data Path: n3/hn/b1/ff/temp to n3/hn/pegajoso/ffce/temp
                                Gate     Net
    Cell:in->out      fanout   Delay   Delay  Logical Name (Net Name)
    ----------------------------------------  ------------
     FDC:C->Q              5   0.514   0.538  n3/hn/b1/ff/temp (n3/hn/b1/ff/temp)
     INV:I->O             17   0.612   0.893  n3/der_out_inv1_INV_0 (n3/der_out_inv)
     FDCE:CE                   0.483          n3/hn/pegajoso/ffce/temp
    ----------------------------------------
    Total                      3.040ns (1.609ns logic, 1.431ns route)
                                       (52.9% logic, 47.1% route)

=========================================================================
Timing constraint: Default OFFSET IN BEFORE for Clock 'clk'
  Total number of paths / destination ports: 52 / 14
-------------------------------------------------------------------------
Offset:              4.895ns (Levels of Logic = 4)
  Source:            proto_in<0> (PAD)
  Destination:       n3/hn/b1/ff/temp (FF)
  Destination Clock: clk rising

  Data Path: proto_in<0> to n3/hn/b1/ff/temp
                                Gate     Net
    Cell:in->out      fanout   Delay   Delay  Logical Name (Net Name)
    ----------------------------------------  ------------
     IBUF:I->O             4   1.106   0.651  proto_in_0_IBUF (proto_in_0_IBUF)
     LUT2:I0->O            2   0.612   0.532  n1/hn/b1/or_sg11_SW0 (N8)
     LUT4_D:I0->O          4   0.612   0.502  n3/hn/b1/or_sg11 (N0)
     LUT4:I3->O            3   0.612   0.000  n2/hn/b1/or_sg (n2/hn/b1/or_sg)
     FDC:D                     0.268          n2/hn/b1/ff/temp
    ----------------------------------------
    Total                      4.895ns (3.210ns logic, 1.685ns route)
                                       (65.6% logic, 34.4% route)

=========================================================================
Timing constraint: Default OFFSET OUT AFTER for Clock 'clk'
  Total number of paths / destination ports: 83 / 23
-------------------------------------------------------------------------
Offset:              7.002ns (Levels of Logic = 4)
  Source:            n1/hn/b1/ff/temp (FF)
  Destination:       proto_out<1> (PAD)
  Source Clock:      clk rising

  Data Path: n1/hn/b1/ff/temp to proto_out<1>
                                Gate     Net
    Cell:in->out      fanout   Delay   Delay  Logical Name (Net Name)
    ----------------------------------------  ------------
     FDC:C->Q             19   0.514   1.074  n1/hn/b1/ff/temp (n1/hn/b1/ff/temp)
     LUT4:I0->O            1   0.612   0.000  n3/proto_out<1>221 (n3/proto_out<1>221)
     MUXF5:I1->O           1   0.278   0.357  n3/proto_out<1>22_f5 (n3/proto_out<1>22)
     MUXF5:S->O            1   0.641   0.357  n3/proto_out<1>24_f5 (proto_out_1_OBUF)
     OBUF:I->O                 3.169          proto_out_1_OBUF (proto_out<1>)
    ----------------------------------------
    Total                      7.002ns (5.214ns logic, 1.788ns route)
                                       (74.5% logic, 25.5% route)

=========================================================================
Timing constraint: Default path analysis
  Total number of paths / destination ports: 20 / 18
-------------------------------------------------------------------------
Delay:               8.458ns (Levels of Logic = 6)
  Source:            proto_in<0> (PAD)
  Destination:       proto_out<0> (PAD)

  Data Path: proto_in<0> to proto_out<0>
                                Gate     Net
    Cell:in->out      fanout   Delay   Delay  Logical Name (Net Name)
    ----------------------------------------  ------------
     IBUF:I->O             4   1.106   0.651  proto_in_0_IBUF (proto_in_0_IBUF)
     LUT2:I0->O            2   0.612   0.532  n1/hn/b1/or_sg11_SW0 (N8)
     LUT4_D:I0->O          4   0.612   0.529  n3/hn/b1/or_sg11 (N0)
     LUT4:I2->O            1   0.612   0.000  n3/proto_out<0>11 (n3/proto_out<0>1)
     MUXF5:I1->O           1   0.278   0.357  n3/proto_out<0>1_f5 (proto_out_0_OBUF)
     OBUF:I->O                 3.169          proto_out_0_OBUF (proto_out<0>)
    ----------------------------------------
    Total                      8.458ns (6.389ns logic, 2.069ns route)
                                       (75.5% logic, 24.5% route)

=========================================================================


Total REAL time to Xst completion: 8.00 secs
Total CPU time to Xst completion: 7.59 secs
 
--> 

Total memory usage is 157032 kilobytes

Number of errors   :    0 (   0 filtered)
Number of warnings :   70 (   0 filtered)
Number of infos    :    0 (   0 filtered)

