Release 10.1 - xst K.31 (nt)
Copyright (c) 1995-2008 Xilinx, Inc.  All rights reserved.
--> Parameter TMPDIR set to D:/Users/aldemaro/Documents/proyecto_tesis/first_neurona/xst/projnav.tmp


Total REAL time to Xst completion: 0.00 secs
Total CPU time to Xst completion: 0.23 secs
 
--> Parameter xsthdpdir set to D:/Users/aldemaro/Documents/proyecto_tesis/first_neurona/xst


Total REAL time to Xst completion: 0.00 secs
Total CPU time to Xst completion: 0.23 secs
 
--> Reading design: first_neurona.prj

TABLE OF CONTENTS
  1) Synthesis Options Summary
  2) HDL Compilation
  3) Design Hierarchy Analysis
  4) HDL Analysis
  5) HDL Synthesis
     5.1) HDL Synthesis Report
  6) Advanced HDL Synthesis
     6.1) Advanced HDL Synthesis Report
  7) Low Level Synthesis
  8) Partition Report
  9) Final Report
     9.1) Device utilization summary
     9.2) Partition Resource Summary
     9.3) TIMING REPORT


=========================================================================
*                      Synthesis Options Summary                        *
=========================================================================
---- Source Parameters
Input File Name                    : "first_neurona.prj"
Input Format                       : mixed
Ignore Synthesis Constraint File   : NO

---- Target Parameters
Output File Name                   : "first_neurona"
Output Format                      : NGC
Target Device                      : xc3s100e-5-cp132

---- Source Options
Top Module Name                    : first_neurona
Automatic FSM Extraction           : YES
FSM Encoding Algorithm             : Auto
Safe Implementation                : No
FSM Style                          : lut
RAM Extraction                     : Yes
RAM Style                          : Auto
ROM Extraction                     : Yes
Mux Style                          : Auto
Decoder Extraction                 : YES
Priority Encoder Extraction        : YES
Shift Register Extraction          : YES
Logical Shifter Extraction         : YES
XOR Collapsing                     : YES
ROM Style                          : Auto
Mux Extraction                     : YES
Resource Sharing                   : YES
Asynchronous To Synchronous        : NO
Multiplier Style                   : auto
Automatic Register Balancing       : No

---- Target Options
Add IO Buffers                     : YES
Global Maximum Fanout              : 500
Add Generic Clock Buffer(BUFG)     : 24
Register Duplication               : YES
Slice Packing                      : YES
Optimize Instantiated Primitives   : NO
Use Clock Enable                   : Yes
Use Synchronous Set                : Yes
Use Synchronous Reset              : Yes
Pack IO Registers into IOBs        : auto
Equivalent register Removal        : YES

---- General Options
Optimization Goal                  : Speed
Optimization Effort                : 1
Library Search Order               : first_neurona.lso
Keep Hierarchy                     : NO
Netlist Hierarchy                  : as_optimized
RTL Output                         : Yes
Global Optimization                : AllClockNets
Read Cores                         : YES
Write Timing Constraints           : NO
Cross Clock Analysis               : NO
Hierarchy Separator                : /
Bus Delimiter                      : <>
Case Specifier                     : maintain
Slice Utilization Ratio            : 100
BRAM Utilization Ratio             : 100
Verilog 2001                       : YES
Auto BRAM Packing                  : NO
Slice Utilization Ratio Delta      : 5

=========================================================================


=========================================================================
*                          HDL Compilation                              *
=========================================================================
Compiling vhdl file "D:/Users/aldemaro/Documents/proyecto_tesis/first_neurona/flipflopD.vhd" in Library work.
Architecture behavioral of Entity flipflopd is up to date.
Compiling vhdl file "D:/Users/aldemaro/Documents/proyecto_tesis/first_neurona/bloque1.vhd" in Library work.
Architecture structural of Entity bloque1 is up to date.
Compiling vhdl file "D:/Users/aldemaro/Documents/proyecto_tesis/first_neurona/bloque2.vhd" in Library work.
Entity <bloque2> compiled.
Entity <bloque2> (Architecture <dataflow>) compiled.
Compiling vhdl file "D:/Users/aldemaro/Documents/proyecto_tesis/first_neurona/registro_16bits_SE.vhd" in Library work.
Architecture behavioral of Entity registro_16bits_se is up to date.
Compiling vhdl file "D:/Users/aldemaro/Documents/proyecto_tesis/first_neurona/half_neurona.vhd" in Library work.
Entity <half_neurona> compiled.
Entity <half_neurona> (Architecture <behavioral>) compiled.
Compiling vhdl file "D:/Users/aldemaro/Documents/proyecto_tesis/first_neurona/registro_16bits.vhd" in Library work.
Architecture behavioral of Entity registro_16bits is up to date.
Compiling vhdl file "D:/Users/aldemaro/Documents/proyecto_tesis/first_neurona/first_neurona.vhd" in Library work.
Architecture behavioral of Entity first_neurona is up to date.

=========================================================================
*                     Design Hierarchy Analysis                         *
=========================================================================
Analyzing hierarchy for entity <first_neurona> in library <work> (architecture <behavioral>).

Analyzing hierarchy for entity <registro_16bits_SE> in library <work> (architecture <behavioral>).

Analyzing hierarchy for entity <half_neurona> in library <work> (architecture <behavioral>).

Analyzing hierarchy for entity <registro_16bits> in library <work> (architecture <behavioral>).

Analyzing hierarchy for entity <bloque1> in library <work> (architecture <structural>).

Analyzing hierarchy for entity <bloque2> in library <work> (architecture <dataflow>).

Analyzing hierarchy for entity <flipflopD> in library <work> (architecture <behavioral>).


=========================================================================
*                            HDL Analysis                               *
=========================================================================
Analyzing Entity <first_neurona> in library <work> (Architecture <behavioral>).
Entity <first_neurona> analyzed. Unit <first_neurona> generated.

Analyzing Entity <registro_16bits_SE> in library <work> (Architecture <behavioral>).
Entity <registro_16bits_SE> analyzed. Unit <registro_16bits_SE> generated.

Analyzing Entity <half_neurona> in library <work> (Architecture <behavioral>).
Entity <half_neurona> analyzed. Unit <half_neurona> generated.

Analyzing Entity <bloque1> in library <work> (Architecture <structural>).
Entity <bloque1> analyzed. Unit <bloque1> generated.

Analyzing Entity <flipflopD> in library <work> (Architecture <behavioral>).
Entity <flipflopD> analyzed. Unit <flipflopD> generated.

Analyzing Entity <bloque2> in library <work> (Architecture <dataflow>).
Entity <bloque2> analyzed. Unit <bloque2> generated.

Analyzing Entity <registro_16bits> in library <work> (Architecture <behavioral>).
Entity <registro_16bits> analyzed. Unit <registro_16bits> generated.


=========================================================================
*                           HDL Synthesis                               *
=========================================================================

Performing bidirectional port resolution...

Synthesizing Unit <registro_16bits_SE>.
    Related source file is "D:/Users/aldemaro/Documents/proyecto_tesis/first_neurona/registro_16bits_SE.vhd".
    Found 16-bit register for signal <z_out>.
    Summary:
	inferred  16 D-type flip-flop(s).
Unit <registro_16bits_SE> synthesized.


Synthesizing Unit <registro_16bits>.
    Related source file is "D:/Users/aldemaro/Documents/proyecto_tesis/first_neurona/registro_16bits.vhd".
    Found 16-bit register for signal <z_out>.
    Summary:
	inferred  16 D-type flip-flop(s).
Unit <registro_16bits> synthesized.


Synthesizing Unit <bloque2>.
    Related source file is "D:/Users/aldemaro/Documents/proyecto_tesis/first_neurona/bloque2.vhd".
Unit <bloque2> synthesized.


Synthesizing Unit <flipflopD>.
    Related source file is "D:/Users/aldemaro/Documents/proyecto_tesis/first_neurona/flipflopD.vhd".
    Found 1-bit register for signal <temp>.
    Summary:
	inferred   1 D-type flip-flop(s).
Unit <flipflopD> synthesized.


Synthesizing Unit <bloque1>.
    Related source file is "D:/Users/aldemaro/Documents/proyecto_tesis/first_neurona/bloque1.vhd".
Unit <bloque1> synthesized.


Synthesizing Unit <half_neurona>.
    Related source file is "D:/Users/aldemaro/Documents/proyecto_tesis/first_neurona/half_neurona.vhd".
Unit <half_neurona> synthesized.


Synthesizing Unit <first_neurona>.
    Related source file is "D:/Users/aldemaro/Documents/proyecto_tesis/first_neurona/first_neurona.vhd".
    Found 16-bit tristate buffer for signal <z_out>.
    Found 16-bit comparator equal for signal <rec_out$cmp_eq0000> created at line 74.
    Summary:
	inferred   1 Comparator(s).
	inferred  16 Tristate(s).
Unit <first_neurona> synthesized.


=========================================================================
HDL Synthesis Report

Macro Statistics
# Registers                                            : 3
 1-bit register                                        : 1
 16-bit register                                       : 2
# Comparators                                          : 1
 16-bit comparator equal                               : 1
# Tristates                                            : 1
 16-bit tristate buffer                                : 1

=========================================================================

=========================================================================
*                       Advanced HDL Synthesis                          *
=========================================================================

Loading device for application Rf_Device from file '3s100e.nph' in environment C:\Xilinx\10.1\ISE.

=========================================================================
Advanced HDL Synthesis Report

Macro Statistics
# Registers                                            : 33
 Flip-Flops                                            : 33
# Comparators                                          : 1
 16-bit comparator equal                               : 1

=========================================================================

=========================================================================
*                         Low Level Synthesis                           *
=========================================================================

Optimizing unit <first_neurona> ...

Mapping all equations...
Building and optimizing final netlist ...
Found area constraint ratio of 100 (+ 5) on block first_neurona, actual ratio is 2.

Final Macro Processing ...

=========================================================================
Final Register Report

Macro Statistics
# Registers                                            : 33
 Flip-Flops                                            : 33

=========================================================================

=========================================================================
*                           Partition Report                             *
=========================================================================

Partition Implementation Status
-------------------------------

  No Partitions were found in this design.

-------------------------------

=========================================================================
*                            Final Report                               *
=========================================================================
Final Results
RTL Top Level Output File Name     : first_neurona.ngr
Top Level Output File Name         : first_neurona
Output Format                      : NGC
Optimization Goal                  : Speed
Keep Hierarchy                     : NO

Design Statistics
# IOs                              : 39

Cell Usage :
# BELS                             : 21
#      GND                         : 1
#      INV                         : 1
#      LUT2                        : 1
#      LUT4                        : 9
#      MUXCY                       : 8
#      VCC                         : 1
# FlipFlops/Latches                : 33
#      FDC                         : 16
#      FDCE                        : 17
# Clock Buffers                    : 1
#      BUFGP                       : 1
# IO Buffers                       : 38
#      IBUF                        : 20
#      OBUF                        : 2
#      OBUFT                       : 16
=========================================================================

Device utilization summary:
---------------------------

Selected Device : 3s100ecp132-5 

 Number of Slices:                       23  out of    960     2%  
 Number of Slice Flip Flops:             33  out of   1920     1%  
 Number of 4 input LUTs:                 11  out of   1920     0%  
 Number of IOs:                          39
 Number of bonded IOBs:                  39  out of     83    46%  
 Number of GCLKs:                         1  out of     24     4%  

---------------------------
Partition Resource Summary:
---------------------------

  No Partitions were found in this design.

---------------------------


=========================================================================
TIMING REPORT

NOTE: THESE TIMING NUMBERS ARE ONLY A SYNTHESIS ESTIMATE.
      FOR ACCURATE TIMING INFORMATION PLEASE REFER TO THE TRACE REPORT
      GENERATED AFTER PLACE-and-ROUTE.

Clock Information:
------------------
-----------------------------------+------------------------+-------+
Clock Signal                       | Clock buffer(FF name)  | Load  |
-----------------------------------+------------------------+-------+
clk                                | BUFGP                  | 33    |
-----------------------------------+------------------------+-------+

Asynchronous Control Signals Information:
----------------------------------------
-----------------------------------+------------------------+-------+
Control Signal                     | Buffer(FF name)        | Load  |
-----------------------------------+------------------------+-------+
reset_in                           | IBUF                   | 33    |
-----------------------------------+------------------------+-------+

Timing Summary:
---------------
Speed Grade: -5

   Minimum period: 2.957ns (Maximum Frequency: 338.215MHz)
   Minimum input arrival time before clock: 4.724ns
   Maximum output required time after clock: 6.274ns
   Maximum combinational path delay: 6.877ns

Timing Detail:
--------------
All values displayed in nanoseconds (ns)

=========================================================================
Timing constraint: Default period analysis for Clock 'clk'
  Clock period: 2.957ns (frequency: 338.215MHz)
  Total number of paths / destination ports: 33 / 33
-------------------------------------------------------------------------
Delay:               2.957ns (Levels of Logic = 1)
  Source:            hn/b1/ff/temp (FF)
  Destination:       latch/z_out_15 (FF)
  Source Clock:      clk rising
  Destination Clock: clk rising

  Data Path: hn/b1/ff/temp to latch/z_out_15
                                Gate     Net
    Cell:in->out      fanout   Delay   Delay  Logical Name (Net Name)
    ----------------------------------------  ------------
     FDCE:C->Q             3   0.514   0.454  hn/b1/ff/temp (hn/b1/ff/temp)
     LUT4:I3->O           17   0.612   0.893  hn/b2/enable_out (enable_sg)
     FDCE:CE                   0.483          latch/z_out_0
    ----------------------------------------
    Total                      2.957ns (1.609ns logic, 1.348ns route)
                                       (54.4% logic, 45.6% route)

=========================================================================
Timing constraint: Default OFFSET IN BEFORE for Clock 'clk'
  Total number of paths / destination ports: 84 / 33
-------------------------------------------------------------------------
Offset:              4.724ns (Levels of Logic = 3)
  Source:            izq_in (PAD)
  Destination:       latch/z_out_15 (FF)
  Destination Clock: clk rising

  Data Path: izq_in to latch/z_out_15
                                Gate     Net
    Cell:in->out      fanout   Delay   Delay  Logical Name (Net Name)
    ----------------------------------------  ------------
     IBUF:I->O             1   1.106   0.509  izq_in_IBUF (izq_in_IBUF)
     LUT2:I0->O            1   0.612   0.509  hn/b2/enable_out_SW0 (N0)
     LUT4:I0->O           17   0.612   0.893  hn/b2/enable_out (enable_sg)
     FDCE:CE                   0.483          latch/z_out_0
    ----------------------------------------
    Total                      4.724ns (2.813ns logic, 1.911ns route)
                                       (59.5% logic, 40.5% route)

=========================================================================
Timing constraint: Default OFFSET OUT AFTER for Clock 'clk'
  Total number of paths / destination ports: 33 / 18
-------------------------------------------------------------------------
Offset:              6.274ns (Levels of Logic = 10)
  Source:            latch/z_out_0 (FF)
  Destination:       rec_out (PAD)
  Source Clock:      clk rising

  Data Path: latch/z_out_0 to rec_out
                                Gate     Net
    Cell:in->out      fanout   Delay   Delay  Logical Name (Net Name)
    ----------------------------------------  ------------
     FDCE:C->Q             1   0.514   0.509  latch/z_out_0 (latch/z_out_0)
     LUT4:I0->O            1   0.612   0.000  Mcompar_rec_out_cmp_eq0000_lut<0> (Mcompar_rec_out_cmp_eq0000_lut<0>)
     MUXCY:S->O            1   0.404   0.000  Mcompar_rec_out_cmp_eq0000_cy<0> (Mcompar_rec_out_cmp_eq0000_cy<0>)
     MUXCY:CI->O           1   0.051   0.000  Mcompar_rec_out_cmp_eq0000_cy<1> (Mcompar_rec_out_cmp_eq0000_cy<1>)
     MUXCY:CI->O           1   0.051   0.000  Mcompar_rec_out_cmp_eq0000_cy<2> (Mcompar_rec_out_cmp_eq0000_cy<2>)
     MUXCY:CI->O           1   0.051   0.000  Mcompar_rec_out_cmp_eq0000_cy<3> (Mcompar_rec_out_cmp_eq0000_cy<3>)
     MUXCY:CI->O           1   0.051   0.000  Mcompar_rec_out_cmp_eq0000_cy<4> (Mcompar_rec_out_cmp_eq0000_cy<4>)
     MUXCY:CI->O           1   0.052   0.000  Mcompar_rec_out_cmp_eq0000_cy<5> (Mcompar_rec_out_cmp_eq0000_cy<5>)
     MUXCY:CI->O           1   0.052   0.000  Mcompar_rec_out_cmp_eq0000_cy<6> (Mcompar_rec_out_cmp_eq0000_cy<6>)
     MUXCY:CI->O           1   0.399   0.357  Mcompar_rec_out_cmp_eq0000_cy<7> (rec_out_OBUF)
     OBUF:I->O                 3.169          rec_out_OBUF (rec_out)
    ----------------------------------------
    Total                      6.274ns (5.408ns logic, 0.866ns route)
                                       (86.2% logic, 13.8% route)

=========================================================================
Timing constraint: Default path analysis
  Total number of paths / destination ports: 32 / 17
-------------------------------------------------------------------------
Delay:               6.877ns (Levels of Logic = 11)
  Source:            x_in<0> (PAD)
  Destination:       rec_out (PAD)

  Data Path: x_in<0> to rec_out
                                Gate     Net
    Cell:in->out      fanout   Delay   Delay  Logical Name (Net Name)
    ----------------------------------------  ------------
     IBUF:I->O             3   1.106   0.520  x_in_0_IBUF (x_in_0_IBUF)
     LUT4:I1->O            1   0.612   0.000  Mcompar_rec_out_cmp_eq0000_lut<0> (Mcompar_rec_out_cmp_eq0000_lut<0>)
     MUXCY:S->O            1   0.404   0.000  Mcompar_rec_out_cmp_eq0000_cy<0> (Mcompar_rec_out_cmp_eq0000_cy<0>)
     MUXCY:CI->O           1   0.051   0.000  Mcompar_rec_out_cmp_eq0000_cy<1> (Mcompar_rec_out_cmp_eq0000_cy<1>)
     MUXCY:CI->O           1   0.051   0.000  Mcompar_rec_out_cmp_eq0000_cy<2> (Mcompar_rec_out_cmp_eq0000_cy<2>)
     MUXCY:CI->O           1   0.051   0.000  Mcompar_rec_out_cmp_eq0000_cy<3> (Mcompar_rec_out_cmp_eq0000_cy<3>)
     MUXCY:CI->O           1   0.051   0.000  Mcompar_rec_out_cmp_eq0000_cy<4> (Mcompar_rec_out_cmp_eq0000_cy<4>)
     MUXCY:CI->O           1   0.052   0.000  Mcompar_rec_out_cmp_eq0000_cy<5> (Mcompar_rec_out_cmp_eq0000_cy<5>)
     MUXCY:CI->O           1   0.052   0.000  Mcompar_rec_out_cmp_eq0000_cy<6> (Mcompar_rec_out_cmp_eq0000_cy<6>)
     MUXCY:CI->O           1   0.399   0.357  Mcompar_rec_out_cmp_eq0000_cy<7> (rec_out_OBUF)
     OBUF:I->O                 3.169          rec_out_OBUF (rec_out)
    ----------------------------------------
    Total                      6.877ns (6.000ns logic, 0.877ns route)
                                       (87.2% logic, 12.8% route)

=========================================================================


Total REAL time to Xst completion: 6.00 secs
Total CPU time to Xst completion: 6.77 secs
 
--> 

Total memory usage is 157032 kilobytes

Number of errors   :    0 (   0 filtered)
Number of warnings :    0 (   0 filtered)
Number of infos    :    0 (   0 filtered)

