AR sticky behavioral D:/Users/aldemaro/Documents/proyecto_tesis/neuronas_entrada/neuronas/sticky.vhd sub00/vhpl03 1537729278
AR bloque1 structural D:/Users/aldemaro/Documents/proyecto_tesis/neuronas_entrada/neuronas/bloque1.vhd sub00/vhpl09 1537729274
EN flipflopd NULL D:/Users/aldemaro/Documents/proyecto_tesis/neuronas_entrada/neuronas/flipflopD.vhd sub00/vhpl06 1537729271
AR mux2_2bits behavioral D:/Users/aldemaro/Documents/proyecto_tesis/neuronas_entrada/neuronas/mux2_2bits.vhd sub00/vhpl21 1537729280
AR registro_16bits_se behavioral D:/Users/aldemaro/Documents/proyecto_tesis/neuronas/registro_16bits_SE.vhd sub00/vhpl15 1537665620
EN neurona NULL D:/Users/aldemaro/Documents/proyecto_tesis/neuronas_entrada/neuronas/neurona.vhd sub00/vhpl18 1537729285
EN flipflopd_a NULL D:/Users/aldemaro/Documents/proyecto_tesis/neuronas/flipflopD_A.vhd sub00/vhpl12 1537649572
EN bloque1 NULL D:/Users/aldemaro/Documents/proyecto_tesis/neuronas_entrada/neuronas/bloque1.vhd sub00/vhpl08 1537729273
AR bloque2_2 dataflow D:/Users/aldemaro/Documents/proyecto_tesis/neuronas_entrada/neuronas/bloque2_2.vhd sub00/vhpl05 1537729276
EN registro_16bits_se NULL D:/Users/aldemaro/Documents/proyecto_tesis/neuronas/registro_16bits_SE.vhd sub00/vhpl14 1537665619
EN registro_16bits NULL D:/Users/aldemaro/Documents/proyecto_tesis/neuronas_entrada/neuronas/registro_16bits.vhd sub00/vhpl16 1537729283
AR flipflopd_ce behavioral D:/Users/aldemaro/Documents/proyecto_tesis/neuronas_entrada/neuronas/flipflopD_CE.vhd sub00/vhpl01 1537729270
EN flipflopd_ce NULL D:/Users/aldemaro/Documents/proyecto_tesis/neuronas_entrada/neuronas/flipflopD_CE.vhd sub00/vhpl00 1537729269
EN bloque2_2 NULL D:/Users/aldemaro/Documents/proyecto_tesis/neuronas_entrada/neuronas/bloque2_2.vhd sub00/vhpl04 1537729275
EN half_neuronas2 NULL D:/Users/aldemaro/Documents/proyecto_tesis/neuronas_entrada/neuronas/half_neuronas2.vhd sub00/vhpl10 1537729281
AR flipflopd behavioral D:/Users/aldemaro/Documents/proyecto_tesis/neuronas_entrada/neuronas/flipflopD.vhd sub00/vhpl07 1537729272
AR registro_16bits behavioral D:/Users/aldemaro/Documents/proyecto_tesis/neuronas_entrada/neuronas/registro_16bits.vhd sub00/vhpl17 1537729284
AR flipflopd_a behavioral D:/Users/aldemaro/Documents/proyecto_tesis/neuronas/flipflopD_A.vhd sub00/vhpl13 1537649573
AR neurona behavioral D:/Users/aldemaro/Documents/proyecto_tesis/neuronas_entrada/neuronas/neurona.vhd sub00/vhpl19 1537729286
EN mux2_2bits NULL D:/Users/aldemaro/Documents/proyecto_tesis/neuronas_entrada/neuronas/mux2_2bits.vhd sub00/vhpl20 1537729279
EN sticky NULL D:/Users/aldemaro/Documents/proyecto_tesis/neuronas_entrada/neuronas/sticky.vhd sub00/vhpl02 1537729277
AR half_neuronas2 behavioral D:/Users/aldemaro/Documents/proyecto_tesis/neuronas_entrada/neuronas/half_neuronas2.vhd sub00/vhpl11 1537729282
