AR sticky behavioral D:/Users/aldemaro/Documents/proyecto_tesis/neuronas/sticky.vhd sub00/vhpl03 1537676293
AR bloque1 structural D:/Users/aldemaro/Documents/proyecto_tesis/neuronas/bloque1.vhd sub00/vhpl09 1537676289
EN flipflopd NULL D:/Users/aldemaro/Documents/proyecto_tesis/neuronas/flipflopD.vhd sub00/vhpl06 1537676286
AR mux2_2bits behavioral D:/Users/aldemaro/Documents/proyecto_tesis/neuronas/mux2_2bits.vhd sub00/vhpl21 1537676295
AR registro_16bits_se behavioral D:/Users/aldemaro/Documents/proyecto_tesis/neuronas/registro_16bits_SE.vhd sub00/vhpl15 1537665620
EN neurona NULL D:/Users/aldemaro/Documents/proyecto_tesis/neuronas/neurona.vhd sub00/vhpl18 1537676300
EN flipflopd_a NULL D:/Users/aldemaro/Documents/proyecto_tesis/neuronas/flipflopD_A.vhd sub00/vhpl12 1537649572
EN bloque1 NULL D:/Users/aldemaro/Documents/proyecto_tesis/neuronas/bloque1.vhd sub00/vhpl08 1537676288
AR bloque2_2 dataflow D:/Users/aldemaro/Documents/proyecto_tesis/neuronas/bloque2_2.vhd sub00/vhpl05 1537676291
EN registro_16bits_se NULL D:/Users/aldemaro/Documents/proyecto_tesis/neuronas/registro_16bits_SE.vhd sub00/vhpl14 1537665619
EN registro_16bits NULL D:/Users/aldemaro/Documents/proyecto_tesis/neuronas/registro_16bits.vhd sub00/vhpl16 1537676298
AR flipflopd_ce behavioral D:/Users/aldemaro/Documents/proyecto_tesis/neuronas/flipflopD_CE.vhd sub00/vhpl01 1537676285
EN flipflopd_ce NULL D:/Users/aldemaro/Documents/proyecto_tesis/neuronas/flipflopD_CE.vhd sub00/vhpl00 1537676284
EN bloque2_2 NULL D:/Users/aldemaro/Documents/proyecto_tesis/neuronas/bloque2_2.vhd sub00/vhpl04 1537676290
EN half_neuronas2 NULL D:/Users/aldemaro/Documents/proyecto_tesis/neuronas/half_neuronas2.vhd sub00/vhpl10 1537676296
AR flipflopd behavioral D:/Users/aldemaro/Documents/proyecto_tesis/neuronas/flipflopD.vhd sub00/vhpl07 1537676287
AR registro_16bits behavioral D:/Users/aldemaro/Documents/proyecto_tesis/neuronas/registro_16bits.vhd sub00/vhpl17 1537676299
AR flipflopd_a behavioral D:/Users/aldemaro/Documents/proyecto_tesis/neuronas/flipflopD_A.vhd sub00/vhpl13 1537649573
AR neurona behavioral D:/Users/aldemaro/Documents/proyecto_tesis/neuronas/neurona.vhd sub00/vhpl19 1537676301
EN mux2_2bits NULL D:/Users/aldemaro/Documents/proyecto_tesis/neuronas/mux2_2bits.vhd sub00/vhpl20 1537676294
EN sticky NULL D:/Users/aldemaro/Documents/proyecto_tesis/neuronas/sticky.vhd sub00/vhpl02 1537676292
AR half_neuronas2 behavioral D:/Users/aldemaro/Documents/proyecto_tesis/neuronas/half_neuronas2.vhd sub00/vhpl11 1537676297
