AR bloque1 structural D:/Users/aldemaro/Documents/proyecto_tesis/bloque1/bloque1.vhd sub00/vhpl03 1537628039
EN flipflopd NULL D:/Users/aldemaro/Documents/proyecto_tesis/bloque1/flipflopD.vhd sub00/vhpl00 1537628036
EN bloque1 NULL D:/Users/aldemaro/Documents/proyecto_tesis/bloque1/bloque1.vhd sub00/vhpl02 1537628038
AR flipflopd behavioral D:/Users/aldemaro/Documents/proyecto_tesis/bloque1/flipflopD.vhd sub00/vhpl01 1537628037
