AR sticky behavioral D:/Users/aldemaro/Documents/proyecto_tesis/columna/sticky.vhd sub00/vhpl09 1537799528
AR bloque1 structural D:/Users/aldemaro/Documents/proyecto_tesis/columna/bloque1.vhd sub00/vhpl05 1537799524
EN flipflopd NULL D:/Users/aldemaro/Documents/proyecto_tesis/columna/flipflopD.vhd sub00/vhpl02 1537799521
AR mux2_2bits behavioral D:/Users/aldemaro/Documents/proyecto_tesis/columna/mux2_2bits.vhd sub00/vhpl11 1537799530
EN neurona NULL D:/Users/aldemaro/Documents/proyecto_tesis/columna/neurona.vhd sub00/vhpl16 1537799535
EN bloque1 NULL D:/Users/aldemaro/Documents/proyecto_tesis/columna/bloque1.vhd sub00/vhpl04 1537799523
AR bloque2_2 dataflow D:/Users/aldemaro/Documents/proyecto_tesis/columna/bloque2_2.vhd sub00/vhpl07 1537799526
EN registro_16bits NULL D:/Users/aldemaro/Documents/proyecto_tesis/columna/registro_16bits.vhd sub00/vhpl14 1537799533
AR flipflopd_ce behavioral D:/Users/aldemaro/Documents/proyecto_tesis/columna/flipflopD_CE.vhd sub00/vhpl01 1537799520
EN flipflopd_ce NULL D:/Users/aldemaro/Documents/proyecto_tesis/columna/flipflopD_CE.vhd sub00/vhpl00 1537799519
EN columna_4neuronas NULL D:/Users/aldemaro/Documents/proyecto_tesis/columna/columna_4neuronas.vhd sub00/vhpl18 1537799537
EN bloque2_2 NULL D:/Users/aldemaro/Documents/proyecto_tesis/columna/bloque2_2.vhd sub00/vhpl06 1537799525
EN half_neuronas2 NULL D:/Users/aldemaro/Documents/proyecto_tesis/columna/half_neuronas2.vhd sub00/vhpl12 1537799531
AR flipflopd behavioral D:/Users/aldemaro/Documents/proyecto_tesis/columna/flipflopD.vhd sub00/vhpl03 1537799522
AR registro_16bits behavioral D:/Users/aldemaro/Documents/proyecto_tesis/columna/registro_16bits.vhd sub00/vhpl15 1537799534
AR neurona behavioral D:/Users/aldemaro/Documents/proyecto_tesis/columna/neurona.vhd sub00/vhpl17 1537799536
EN mux2_2bits NULL D:/Users/aldemaro/Documents/proyecto_tesis/columna/mux2_2bits.vhd sub00/vhpl10 1537799529
EN sticky NULL D:/Users/aldemaro/Documents/proyecto_tesis/columna/sticky.vhd sub00/vhpl08 1537799527
AR columna_4neuronas behavioral D:/Users/aldemaro/Documents/proyecto_tesis/columna/columna_4neuronas.vhd sub00/vhpl19 1537799538
AR half_neuronas2 behavioral D:/Users/aldemaro/Documents/proyecto_tesis/columna/half_neuronas2.vhd sub00/vhpl13 1537799532
