AR sticky behavioral D:/Users/aldemaro/Documents/proyecto_tesis/columna/sticky.vhd sub00/vhpl09 1537673158
AR bloque1 structural D:/Users/aldemaro/Documents/proyecto_tesis/columna/bloque1.vhd sub00/vhpl05 1537673154
EN flipflopd NULL D:/Users/aldemaro/Documents/proyecto_tesis/columna/flipflopD.vhd sub00/vhpl02 1537673151
AR mux2_2bits behavioral D:/Users/aldemaro/Documents/proyecto_tesis/columna/mux2_2bits.vhd sub00/vhpl11 1537673160
EN neurona NULL D:/Users/aldemaro/Documents/proyecto_tesis/columna/neurona.vhd sub00/vhpl16 1537673165
EN bloque1 NULL D:/Users/aldemaro/Documents/proyecto_tesis/columna/bloque1.vhd sub00/vhpl04 1537673153
AR bloque2_2 dataflow D:/Users/aldemaro/Documents/proyecto_tesis/columna/bloque2_2.vhd sub00/vhpl07 1537673156
EN registro_16bits NULL D:/Users/aldemaro/Documents/proyecto_tesis/columna/registro_16bits.vhd sub00/vhpl14 1537673163
AR flipflopd_ce behavioral D:/Users/aldemaro/Documents/proyecto_tesis/columna/flipflopD_CE.vhd sub00/vhpl01 1537673150
EN flipflopd_ce NULL D:/Users/aldemaro/Documents/proyecto_tesis/columna/flipflopD_CE.vhd sub00/vhpl00 1537673149
EN columna_4neuronas NULL D:/Users/aldemaro/Documents/proyecto_tesis/columna/columna_4neuronas.vhd sub00/vhpl18 1537673167
EN bloque2_2 NULL D:/Users/aldemaro/Documents/proyecto_tesis/columna/bloque2_2.vhd sub00/vhpl06 1537673155
EN half_neuronas2 NULL D:/Users/aldemaro/Documents/proyecto_tesis/columna/half_neuronas2.vhd sub00/vhpl12 1537673161
AR flipflopd behavioral D:/Users/aldemaro/Documents/proyecto_tesis/columna/flipflopD.vhd sub00/vhpl03 1537673152
AR registro_16bits behavioral D:/Users/aldemaro/Documents/proyecto_tesis/columna/registro_16bits.vhd sub00/vhpl15 1537673164
AR neurona behavioral D:/Users/aldemaro/Documents/proyecto_tesis/columna/neurona.vhd sub00/vhpl17 1537673166
EN mux2_2bits NULL D:/Users/aldemaro/Documents/proyecto_tesis/columna/mux2_2bits.vhd sub00/vhpl10 1537673159
EN sticky NULL D:/Users/aldemaro/Documents/proyecto_tesis/columna/sticky.vhd sub00/vhpl08 1537673157
AR columna_4neuronas behavioral D:/Users/aldemaro/Documents/proyecto_tesis/columna/columna_4neuronas.vhd sub00/vhpl19 1537673168
AR half_neuronas2 behavioral D:/Users/aldemaro/Documents/proyecto_tesis/columna/half_neuronas2.vhd sub00/vhpl13 1537673162
