V3 3
FL D:/Users/aldemaro/Documents/proyecto_tesis/flip_flop/flipflopD.vhd 2018/09/22.12:02:18 K.31
EN work/flipflopD 1537628542 \
      FL D:/Users/aldemaro/Documents/proyecto_tesis/flip_flop/flipflopD.vhd \
      PB ieee/std_logic_1164 1200023565 PB ieee/std_logic_arith 1200023566 \
      PB ieee/STD_LOGIC_UNSIGNED 1200023567
AR work/flipflopD/Behavioral 1537628543 \
      FL D:/Users/aldemaro/Documents/proyecto_tesis/flip_flop/flipflopD.vhd \
      EN work/flipflopD 1537628542
